
FullName                                                                                                                   Length
--------                                                                                                                   ------
C:\dev\ChzzkTube\.venv\Lib\site-packages\yt_dlp\extractor\youtube\jsc\_builtin                                                   
C:\dev\ChzzkTube\.venv\Lib\site-packages\yt_dlp\extractor\youtube\jsc\__pycache__                                                
C:\dev\ChzzkTube\.venv\Lib\site-packages\yt_dlp\extractor\youtube\jsc\provider.py                                          5002  
C:\dev\ChzzkTube\.venv\Lib\site-packages\yt_dlp\extractor\youtube\jsc\_director.py                                         13173 
C:\dev\ChzzkTube\.venv\Lib\site-packages\yt_dlp\extractor\youtube\jsc\_registry.py                                         102   
C:\dev\ChzzkTube\.venv\Lib\site-packages\yt_dlp\extractor\youtube\jsc\__init__.py                                          289   
C:\dev\ChzzkTube\.venv\Lib\site-packages\yt_dlp\extractor\youtube\jsc\_builtin\vendor                                            
C:\dev\ChzzkTube\.venv\Lib\site-packages\yt_dlp\extractor\youtube\jsc\_builtin\__pycache__                                       
C:\dev\ChzzkTube\.venv\Lib\site-packages\yt_dlp\extractor\youtube\jsc\_builtin\bun.py                                      6965  
C:\dev\ChzzkTube\.venv\Lib\site-packages\yt_dlp\extractor\youtube\jsc\_builtin\deno.py                                     5549  
C:\dev\ChzzkTube\.venv\Lib\site-packages\yt_dlp\extractor\youtube\jsc\_builtin\ejs.py                                      13907 
C:\dev\ChzzkTube\.venv\Lib\site-packages\yt_dlp\extractor\youtube\jsc\_builtin\node.py                                     2300  
C:\dev\ChzzkTube\.venv\Lib\site-packages\yt_dlp\extractor\youtube\jsc\_builtin\quickjs.py                                  2475  
C:\dev\ChzzkTube\.venv\Lib\site-packages\yt_dlp\extractor\youtube\jsc\_builtin\__init__.py                                 0     
C:\dev\ChzzkTube\.venv\Lib\site-packages\yt_dlp\extractor\youtube\jsc\_builtin\vendor\__pycache__                                
C:\dev\ChzzkTube\.venv\Lib\site-packages\yt_dlp\extractor\youtube\jsc\_builtin\vendor\yt.solver.bun.lib.js                 237   
C:\dev\ChzzkTube\.venv\Lib\site-packages\yt_dlp\extractor\youtube\jsc\_builtin\vendor\yt.solver.core.js                    12607 
C:\dev\ChzzkTube\.venv\Lib\site-packages\yt_dlp\extractor\youtube\jsc\_builtin\vendor\yt.solver.deno.lib.js                245   
C:\dev\ChzzkTube\.venv\Lib\site-packages\yt_dlp\extractor\youtube\jsc\_builtin\vendor\_info.py                             1065  
C:\dev\ChzzkTube\.venv\Lib\site-packages\yt_dlp\extractor\youtube\jsc\_builtin\vendor\__init__.py                          518   
C:\dev\ChzzkTube\.venv\Lib\site-packages\yt_dlp\extractor\youtube\jsc\_builtin\vendor\__pycache__\_info.cpython-312.pyc    1193  
C:\dev\ChzzkTube\.venv\Lib\site-packages\yt_dlp\extractor\youtube\jsc\_builtin\vendor\__pycache__\__init__.cpython-312.pyc 997   
C:\dev\ChzzkTube\.venv\Lib\site-packages\yt_dlp\extractor\youtube\jsc\_builtin\__pycache__\bun.cpython-312.pyc             8836  
C:\dev\ChzzkTube\.venv\Lib\site-packages\yt_dlp\extractor\youtube\jsc\_builtin\__pycache__\deno.cpython-312.pyc            7835  
C:\dev\ChzzkTube\.venv\Lib\site-packages\yt_dlp\extractor\youtube\jsc\_builtin\__pycache__\ejs.cpython-312.pyc             20392 
C:\dev\ChzzkTube\.venv\Lib\site-packages\yt_dlp\extractor\youtube\jsc\_builtin\__pycache__\node.cpython-312.pyc            3717  
C:\dev\ChzzkTube\.venv\Lib\site-packages\yt_dlp\extractor\youtube\jsc\_builtin\__pycache__\quickjs.cpython-312.pyc         3792  
C:\dev\ChzzkTube\.venv\Lib\site-packages\yt_dlp\extractor\youtube\jsc\_builtin\__pycache__\__init__.cpython-312.pyc        187   
C:\dev\ChzzkTube\.venv\Lib\site-packages\yt_dlp\extractor\youtube\jsc\__pycache__\provider.cpython-312.pyc                 7835  
C:\dev\ChzzkTube\.venv\Lib\site-packages\yt_dlp\extractor\youtube\jsc\__pycache__\_director.cpython-312.pyc                18856 
C:\dev\ChzzkTube\.venv\Lib\site-packages\yt_dlp\extractor\youtube\jsc\__pycache__\_registry.cpython-312.pyc                331   
C:\dev\ChzzkTube\.venv\Lib\site-packages\yt_dlp\extractor\youtube\jsc\__pycache__\__init__.cpython-312.pyc                 410   


